Found 1 test(s).
python : Using 
existing test 
database for alias 
'default'...
At line:1 char:1
+ python manage.py 
test apps.paiements.t
ests_yengapay.Yengapa
yIntegrati ...
+ ~~~~~~~~~~~~~~~~~~~
~~~~~~~~~~~~~~~~~~~~~
~~~~~~~~~~~~~~~~~~~~~
~~~~~~~~
    + CategoryInfo   
           : NotSpe  
  cified: (Using e   
 xisting ...as 'd    
efault'...:Strin    
g) [], RemoteExc    
eption
    + FullyQualified 
   ErrorId : Native  
  CommandError
 

System check 
identified some 
issues:

WARNINGS:
conseils.ConseilsCons
eildujour: 
(models.W046) SQLite 
does not support 
comments on tables 
(db_table_comment).

System check 
identified 1 issue 
(0 silenced).
(0.000) BEGIN; 
args=None; 
alias=default
(0.000) SAVEPOINT 
"s20828_x1"; 
args=None; 
alias=default
(0.000) INSERT INTO 
"utilisateurs_user" 
("password", 
"last_login", 
"is_superuser", 
"username", 
"first_name", 
"last_name", 
"email", "is_staff", 
"is_active", 
"date_joined", 
"nom", "prenom", 
"telephone", 
"email_verifie", 
"telephone_verifie", 
"updated_at") VALUES 
('pbkdf2_sha256$60000
0$fF3Sq9bCokVtFWMQ9Z4
YlT$A3SxOmnm/7N/ZufA1
S3D1e1HWDcni8lcwp4Fcn
dM3Kg=', NULL, 0, 
'testuser', '', '', 
'test@example.com', 
0, 1, '2026-02-04 
14:23:44.134433', 
'Test', 'User', 
'22675757575', 0, 0, 
'2026-02-04 
14:23:44.834044') 
RETURNING "utilisateu
rs_user"."id"; args=(
'pbkdf2_sha256$600000
$fF3Sq9bCokVtFWMQ9Z4Y
lT$A3SxOmnm/7N/ZufA1S
3D1e1HWDcni8lcwp4Fcnd
M3Kg=', None, False, 
'testuser', '', '', 
'test@example.com', 
False, True, 
'2026-02-04 
14:23:44.134433', 
'Test', 'User', 
'22675757575', 
False, False, 
'2026-02-04 
14:23:44.834044'); 
alias=default
(0.000) INSERT INTO 
"demandes_demande" 
("reference", 
"utilisateur_id", 
"document_id", 
"statut", "donnees_fo
rmulaire", 
"lien_affiliation", 
"email_reception", 
"montant_total", 
"frais_commission", 
"notaire_id", 
"date_attribution", 
"document_genere", 
"date_envoi_email", 
"created_at", 
"updated_at") VALUES 
(NULL, 1, NULL, 
'attente_paiement', 
'{}', NULL, NULL, 
'5000.00', '0.00', 
NULL, NULL, NULL, 
NULL, '2026-02-04 
14:23:44.836526', 
'2026-02-04 
14:23:44.836565') 
RETURNING "demandes_d
emande"."id"; 
args=(None, 1, None, 
'attente_paiement', 
'{}', None, None, 
'5000.00', '0.00', 
None, None, None, 
None, '2026-02-04 
14:23:44.836526', 
'2026-02-04 
14:23:44.836565'); 
alias=default
E(0.000) ROLLBACK TO 
SAVEPOINT 
"s20828_x1"; 
args=None; 
alias=default
(0.000) RELEASE 
SAVEPOINT 
"s20828_x1"; 
args=None; 
alias=default
(0.000) ROLLBACK; 
args=None; 
alias=default

=====================
=====================
=====================
=======
ERROR: test_initiate_
payment_success (apps
.paiements.tests_yeng
apay.YengapayIntegrat
ionTest.test_initiate
_payment_success)
---------------------
---------------------
---------------------
-------
Traceback (most 
recent call last):
  File "C:\Users\DELL
\AppData\Roaming\Pyth
on\Python314\site-pac
kages\django\db\backe
nds\utils.py", line 
89, in _execute
    return self.curso
r.execute(sql, 
params)
           ~~~~~~~~~~
~~~~~~~~~^^^^^^^^^^^^
^
  File "C:\Users\DELL
\AppData\Roaming\Pyth
on\Python314\site-pac
kages\django\db\backe
nds\sqlite3\base.py",
 line 328, in execute
    return super().ex
ecute(query, params)
           ~~~~~~~~~~
~~~~~^^^^^^^^^^^^^^^
sqlite3.IntegrityErro
r: NOT NULL 
constraint failed: de
mandes_demande.docume
nt_id

The above exception 
was the direct cause 
of the following 
exception:

Traceback (most 
recent call last):
  File "C:\Users\DELL
\Desktop\notaire_bf (
2)\apps\paiements\tes
ts_yengapay.py", 
line 23, in setUp
    self.demande = De
mandesDemande.objects
.create(
                   ~~
~~~~~~~~~~~~~~~~~~~~~
~~~~~~~^
        utilisateur=s
elf.user,
        ^^^^^^^^^^^^^
^^^^^^^^^
        statut='atten
te_paiement',
        ^^^^^^^^^^^^^
^^^^^^^^^^^^^
        
montant_total=5000
        
^^^^^^^^^^^^^^^^^^
    )
    ^
  File "C:\Users\DELL
\AppData\Roaming\Pyth
on\Python314\site-pac
kages\django\db\model
s\manager.py", line 
87, in manager_method
    return getattr(se
lf.get_queryset(), 
name)(*args, 
**kwargs)
           ~~~~~~~~~~
~~~~~~~~~~~~~~~~~~~~~
~~~^^^^^^^^^^^^^^^^^
  File "C:\Users\DELL
\AppData\Roaming\Pyth
on\Python314\site-pac
kages\django\db\model
s\query.py", line 
660, in create
    obj.save(force_in
sert=True, 
using=self.db)
    ~~~~~~~~^^^^^^^^^
^^^^^^^^^^^^^^^^^^^^^
^^^^
  File "C:\Users\DELL
\AppData\Roaming\Pyth
on\Python314\site-pac
kages\django\db\model
s\base.py", line 
814, in save
    self.save_base(
    ~~~~~~~~~~~~~~^
        using=using,
        ^^^^^^^^^^^^
    ...<2 lines>...
        update_fields
=update_fields,
        ^^^^^^^^^^^^^
^^^^^^^^^^^^^^^
    )
    ^
  File "C:\Users\DELL
\AppData\Roaming\Pyth
on\Python314\site-pac
kages\django\db\model
s\base.py", line 
877, in save_base
    updated = 
self._save_table(
        raw,
    ...<4 lines>...
        
update_fields,
    )
  File "C:\Users\DELL
\AppData\Roaming\Pyth
on\Python314\site-pac
kages\django\db\model
s\base.py", line 
1020, in _save_table
    results = 
self._do_insert(
        
cls._base_manager, 
using, fields, 
returning_fields, raw
    )
  File "C:\Users\DELL
\AppData\Roaming\Pyth
on\Python314\site-pac
kages\django\db\model
s\base.py", line 
1061, in _do_insert
    return 
manager._insert(
           
~~~~~~~~~~~~~~~^
        [self],
        ^^^^^^^
    ...<3 lines>...
        raw=raw,
        ^^^^^^^^
    )
    ^
  File "C:\Users\DELL
\AppData\Roaming\Pyth
on\Python314\site-pac
kages\django\db\model
s\manager.py", line 
87, in manager_method
    return getattr(se
lf.get_queryset(), 
name)(*args, 
**kwargs)
           ~~~~~~~~~~
~~~~~~~~~~~~~~~~~~~~~
~~~^^^^^^^^^^^^^^^^^
  File "C:\Users\DELL
\AppData\Roaming\Pyth
on\Python314\site-pac
kages\django\db\model
s\query.py", line 
1810, in _insert
    return query.get_
compiler(using=using)
.execute_sql(returnin
g_fields)
           ~~~~~~~~~~
~~~~~~~~~~~~~~~~~~~~~
~~~~~~~~~~~~^^^^^^^^^
^^^^^^^^^
  File "C:\Users\DELL
\AppData\Roaming\Pyth
on\Python314\site-pac
kages\django\db\model
s\sql\compiler.py", 
line 1822, in 
execute_sql
    
cursor.execute(sql, 
params)
    ~~~~~~~~~~~~~~^^^
^^^^^^^^^^
  File "C:\Users\DELL
\AppData\Roaming\Pyth
on\Python314\site-pac
kages\django\db\backe
nds\utils.py", line 
102, in execute
    return 
super().execute(sql, 
params)
           ~~~~~~~~~~
~~~~~^^^^^^^^^^^^^
  File "C:\Users\DELL
\AppData\Roaming\Pyth
on\Python314\site-pac
kages\django\db\backe
nds\utils.py", line 
67, in execute
    return self._exec
ute_with_wrappers(
           ~~~~~~~~~~
~~~~~~~~~~~~~~~~~^
        sql, params, 
many=False, executor=
self._execute
        ^^^^^^^^^^^^^
^^^^^^^^^^^^^^^^^^^^^
^^^^^^^^^^^^^
    )
    ^
  File "C:\Users\DELL
\AppData\Roaming\Pyth
on\Python314\site-pac
kages\django\db\backe
nds\utils.py", line 
80, in _execute_with_
wrappers
    return 
executor(sql, 
params, many, 
context)
  File "C:\Users\DELL
\AppData\Roaming\Pyth
on\Python314\site-pac
kages\django\db\backe
nds\utils.py", line 
84, in _execute
    with self.db.wrap
_database_errors:
         ^^^^^^^^^^^^
^^^^^^^^^^^^^^^^
  File "C:\Users\DELL
\AppData\Roaming\Pyth
on\Python314\site-pac
kages\django\db\utils
.py", line 91, in 
__exit__
    raise dj_exc_valu
e.with_traceback(trac
eback) from exc_value
  File "C:\Users\DELL
\AppData\Roaming\Pyth
on\Python314\site-pac
kages\django\db\backe
nds\utils.py", line 
89, in _execute
    return self.curso
r.execute(sql, 
params)
           ~~~~~~~~~~
~~~~~~~~~^^^^^^^^^^^^
^
  File "C:\Users\DELL
\AppData\Roaming\Pyth
on\Python314\site-pac
kages\django\db\backe
nds\sqlite3\base.py",
 line 328, in execute
    return super().ex
ecute(query, params)
           ~~~~~~~~~~
~~~~~^^^^^^^^^^^^^^^
django.db.utils.Integ
rityError: NOT NULL 
constraint failed: de
mandes_demande.docume
nt_id

---------------------
---------------------
---------------------
-------
(0.000)
INSERT INTO 
"utilisateurs_user" 
("password",
                     
            
"last_login",
                     
            
"is_superuser",
                     
            
"username",
                     
            
"first_name",
                     
            
"last_name",
                     
            "email",
                     
            
"is_staff",
                     
            
"is_active",
                     
            
"date_joined",
                     
            "nom",
                     
            "prenom",
                     
            
"telephone",
                     
            
"email_verifie",
                     
            
"telephone_verifie",
                     
            
"updated_at")
VALUES ('pbkdf2_sha25
6$600000$fF3Sq9bCokVt
FWMQ9Z4YlT$A3SxOmnm/7
N/ZufA1S3D1e1HWDcni8l
cwp4FcndM3Kg=', 
NULL, 0, 'testuser', 
'', '', 
'test@example.com', 
0, 1, '2026-02-04 
14:23:44.134433', 
'Test', 'User', 
'22675757575', 0, 0, 
'2026-02-04 
14:23:44.834044') 
RETURNING "utilisateu
rs_user"."id";

args=('pbkdf2_sha256$
600000$fF3Sq9bCokVtFW
MQ9Z4YlT$A3SxOmnm/7N/
ZufA1S3D1e1HWDcni8lcw
p4FcndM3Kg=',
      NONE,
      FALSE,
      'testuser',
      '',
      '',
      
'test@example.com',
      FALSE,
      TRUE,
      '2026-02-04 
14:23:44.134433',
      'Test',
      'User',
      '22675757575',
      FALSE,
      FALSE,
      '2026-02-04 
14:23:44.834044');

ALIAS=DEFAULT (0.000)
INSERT INTO 
"demandes_demande" 
("reference",
                     
           
"utilisateur_id",
                     
           
"document_id",
                     
           "statut",
                     
           
"donnees_formulaire",
                     
           
"lien_affiliation",
                     
           
"email_reception",
                     
           
"montant_total",
                     
           
"frais_commission",
                     
           
"notaire_id",
                     
           
"date_attribution",
                     
           
"document_genere",
                     
           
"date_envoi_email",
                     
           
"created_at",
                     
           
"updated_at")
VALUES (NULL, 1, 
NULL, 
'attente_paiement', 
'{}', NULL, NULL, 
'5000.00', '0.00', 
NULL, NULL, NULL, 
NULL, '2026-02-04 
14:23:44.836526', 
'2026-02-04 
14:23:44.836565') 
RETURNING "demandes_d
emande"."id";

args=(NONE,
      1,
      NONE,
      
'attente_paiement',
      '{}',
      NONE,
      NONE,
      '5000.00',
      '0.00',
      NONE,
      NONE,
      NONE,
      NONE,
      '2026-02-04 
14:23:44.836526',
      '2026-02-04 
14:23:44.836565');

ALIAS=DEFAULT
---------------------
---------------------
---------------------
-------
Ran 1 test in 0.718s

FAILED (errors=1)
Preserving test 
database for alias 
'default'...

